src/hooks/usePermissions.ts(8,11): error TS6133: 'isStaff' is declared but its value is never read.
src/screens/auth/ProfileSetupScreen.tsx(5,10): error TS6133: 'auth' is declared but its value is never read.
src/screens/auth/RegisterScreen.tsx(2,51): error TS6133: 'ActivityIndicator' is declared but its value is never read.
src/screens/auth/RegisterScreen.tsx(6,41): error TS6133: 'UserPlus' is declared but its value is never read.
src/screens/finance/FinanceScreen.tsx(4,23): error TS6133: 'TransactionType' is declared but its value is never read.
src/screens/finance/FinanceScreen.tsx(7,1): error TS6133: 'ptBR' is declared but its value is never read.
src/screens/finance/FinanceScreen.tsx(8,36): error TS6133: 'DollarSign' is declared but its value is never read.
src/screens/finance/FinanceScreen.tsx(8,48): error TS6133: 'ListFilter' is declared but its value is never read.
src/screens/finance/FinanceScreen.tsx(8,60): error TS6133: 'Calendar' is declared but its value is never read.
src/screens/finance/FinanceScreen.tsx(8,70): error TS6133: 'ChevronRight' is declared but its value is never read.
src/screens/finance/FinanceScreen.tsx(8,98): error TS6133: 'X' is declared but its value is never read.
src/screens/finance/FinanceScreen.tsx(8,109): error TS6133: 'CheckCircle2' is declared but its value is never read.
src/screens/finance/FinanceScreen.tsx(8,123): error TS6133: 'AlertCircle' is declared but its value is never read.
src/screens/finance/FinanceScreen.tsx(9,1): error TS6133: 'DateTimePicker' is declared but its value is never read.
src/screens/finance/FinanceScreen.tsx(13,1): error TS6133: 'Badge' is declared but its value is never read.
src/screens/finance/FinanceScreen.tsx(14,1): error TS6133: 'usePermissions' is declared but its value is never read.
src/screens/finance/FinanceScreen.tsx(32,28): error TS6133: 'setNewExpenseDate' is declared but its value is never read.
src/screens/finance/FinanceScreen.tsx(33,12): error TS6133: 'showDatePicker' is declared but its value is never read.
src/screens/finance/FinanceScreen.tsx(33,28): error TS6133: 'setShowDatePicker' is declared but its value is never read.
src/screens/finance/FinanceScreen.tsx(43,82): error TS6133: 'list' is declared but its value is never read.
src/screens/matches/MatchesScreen.tsx(10,10): error TS6133: 'Calendar' is declared but its value is never read.
src/screens/matches/MatchVotingScreen.tsx(5,23): error TS6133: 'collection' is declared but its value is never read.
src/screens/matches/MatchVotingScreen.tsx(5,35): error TS6133: 'query' is declared but its value is never read.
src/screens/matches/MatchVotingScreen.tsx(5,42): error TS6133: 'where' is declared but its value is never read.
src/screens/matches/MatchVotingScreen.tsx(5,49): error TS6133: 'getDocs' is declared but its value is never read.
src/screens/roster/PlayerDetailsScreen.tsx(6,54): error TS6133: 'query' is declared but its value is never read.
src/screens/roster/PlayerDetailsScreen.tsx(6,61): error TS6133: 'where' is declared but its value is never read.
src/screens/roster/PlayerDetailsScreen.tsx(6,68): error TS6133: 'orderBy' is declared but its value is never read.
src/screens/roster/PlayerDetailsScreen.tsx(6,77): error TS6133: 'onSnapshot' is declared but its value is never read.
src/screens/roster/PlayerDetailsScreen.tsx(10,29): error TS6133: 'Shield' is declared but its value is never read.
src/screens/roster/PlayerDetailsScreen.tsx(10,75): error TS6133: 'Star' is declared but its value is never read.
src/screens/roster/PlayerDetailsScreen.tsx(16,7): error TS6133: 'CURRENT_USER_ROLE' is declared but its value is never read.
src/screens/roster/PlayerDetailsScreen.tsx(40,12): error TS6133: 'fanRating' is declared but its value is never read.
src/screens/roster/PlayerDetailsScreen.tsx(41,12): error TS6133: 'coachRating' is declared but its value is never read.
src/screens/roster/PlayerDetailsScreen.tsx(119,27): error TS6133: 'pendingCount' is declared but its value is never read.
src/screens/roster/PlayerDetailsScreen.tsx(253,45): error TS2322: Type '{ label: string; color: string; textColor: string; className: string; }' is not assignable to type 'IntrinsicAttributes & { label: string; color?: string | undefined; textColor?: string | undefined; }'.
  Property 'className' does not exist on type 'IntrinsicAttributes & { label: string; color?: string | undefined; textColor?: string | undefined; }'.
src/services/firebase.ts(5,5): error TS2305: Module '"firebase/auth"' has no exported member 'getReactNativePersistence'.
